/Users/joyceguo/Projects/Reddit_Scrapper/.venv/lib/python3.9/site-packages/urllib3/__init__.py:35: NotOpenSSLWarning: urllib3 v2 only supports OpenSSL 1.1.1+, currently the 'ssl' module is compiled with 'LibreSSL 2.8.3'. See: https://github.com/urllib3/urllib3/issues/3020
  warnings.warn(
==================================================
🤖 UNIVERSAL REDDIT SCRAPER SUITE
==================================================
🚀 Starting FULL HISTORY scrape for r/outlier_ai
   📊 Target posts: 1000
   🖼️  Download media: False
   💬 Scrape comments: True
   🔌 Plugins enabled: False
--------------------------------------------------
✅ Database initialized
📋 Job started: 372ed54e

📡 Fetching from: https://libreddit.northboot.xyz
   ⚠️ Error with https://libreddit.northboot.xyz: HTTPSConnectionPool(host='libreddit.northboot.xyz', port=443): Max retries exceeded with url: /r/outlier_ai/new.json?limit=100&raw_json=1 (Caused by ConnectTimeoutError(<HTTPSConnection(host='libreddit.northboot.xyz', port=443) at 0x10b849a90>, 'Connection to libreddit.northboot.xyz timed out. (connect timeout=15)'))

📡 Fetching from: https://old.reddit.com
   Found 100 posts in this batch
   💬 Fetching comments for: Cacatua Chorus V2 - removal before becom...
   + Scraped 1 comments
   💬 Fetching comments for: Are there any viable entities left for t...
   + Scraped 3 comments
   💬 Fetching comments for: I’m baaack but i’m not...
   + Scraped 3 comments
   💬 Fetching comments for: Account Banned for No Reason...
   + Scraped 5 comments
   💬 Fetching comments for: Clover Judges/ Clover Rubrics...
   + Scraped 1 comments
   💬 Fetching comments for: Left aether and seeing loads being re-ad...
   + Scraped 5 comments
   💬 Fetching comments for: Has daily limit been reached ?...
   + Scraped 2 comments
   💬 Fetching comments for: unable to continue tasking on aether, do...
   + Scraped 2 comments
   💬 Fetching comments for: Aether...
   + Scraped 6 comments
   💬 Fetching comments for: mechanic glen...
   + Scraped 4 comments
   💬 Fetching comments for: Reinstated on Aether, but lost my Aether...
   + Scraped 5 comments
   💬 Fetching comments for: Cacutua Chorus V2...
   + Scraped 1 comments
   💬 Fetching comments for: New, Help With Cockatooa - Task Limit Re...
   + Scraped 4 comments
   💬 Fetching comments for: Offboarding email...
   + Scraped 3 comments
   💬 Fetching comments for: Account under review...
   + Scraped 9 comments
   💬 Fetching comments for: Project removal...
   + Scraped 4 comments
   💬 Fetching comments for: Image quality compare...
   + Scraped 11 comments
   💬 Fetching comments for: Skill Assessments...
   + Scraped 4 comments
   💬 Fetching comments for: Aether—are you reinstated?...
   + Scraped 34 comments
   💬 Fetching comments for: Onboarded again, just to be kicked off a...
   + Scraped 2 comments
   💬 Fetching comments for: No projects in Hubstaff...
   + Scraped 14 comments
   💬 Fetching comments for: Outlier closes my account. Keeps money t...
   + Scraped 4 comments
   💬 Fetching comments for: Well… guess I’m back?...
   + Scraped 6 comments
   💬 Fetching comments for: No WAY!!...
   + Scraped 36 comments
   💬 Fetching comments for: Alright I’m back after kicked couple of ...
   + Scraped 23 comments
   💬 Fetching comments for: Aether: man are we really doing this aga...
   + Scraped 38 comments
   💬 Fetching comments for: YOU ARE NOW AN OUTLIER MEMBER....
   + Scraped 4 comments
   💬 Fetching comments for: Security Hold?...
   + Scraped 6 comments
   💬 Fetching comments for: Members for Aether has doubled in the pa...
   + Scraped 73 comments
   💬 Fetching comments for: Back on Aether but…...
   + Scraped 4 comments
   💬 Fetching comments for: Mode Flat Project...
   + Scraped 4 comments
   💬 Fetching comments for: Image Reconstruction task...
   + Scraped 7 comments
   💬 Fetching comments for: Does anyone know why we are suddenly all...
   + Scraped 55 comments
   💬 Fetching comments for: Have hope guys...
   + Scraped 77 comments
   💬 Fetching comments for: Tips for image reconstruction evaluation...
   + Scraped 3 comments
   💬 Fetching comments for: Is India receiving projects?...
   + Scraped 1 comments
   💬 Fetching comments for: approved annotator on mm. not reflecting...
   + Scraped 12 comments
   💬 Fetching comments for: Aether Access...
   + Scraped 6 comments
   💬 Fetching comments for: "BAD" .....BRO ITS A SILHOUETTE...
   + Scraped 7 comments
   💬 Fetching comments for: Are the hours gone today?...
   + Scraped 10 comments
   💬 Fetching comments for: THE SUPPORT EXIST?...
   + Scraped 2 comments
   💬 Fetching comments for: Outlier Website Down...
   + Scraped 1 comments
   💬 Fetching comments for: Image Reconstruction Evaluation Task...
   + Scraped 16 comments
   💬 Fetching comments for: is Mexico receiving STEM projects?...
   + Scraped 5 comments
   💬 Fetching comments for: Hubstaff log in help...
   + Scraped 3 comments
   💬 Fetching comments for: Anyone on Mode Flat?...
   + Scraped 1 comments
   💬 Fetching comments for: Aether back for me...
   + Scraped 63 comments
   💬 Fetching comments for: This is coming...
   + Scraped 3 comments
   💬 Fetching comments for: When does the daily limit usually hit?...
   + Scraped 2 comments
   💬 Fetching comments for: Hourly rate lowered...
   + Scraped 4 comments
   💬 Fetching comments for: Anyone else know the average task time f...
   + Scraped 13 comments
   💬 Fetching comments for: I’ve been playing Russian Roulette with ...
   + Scraped 19 comments
   💬 Fetching comments for: Question about "World Tool Quest V2" (MC...
   + Scraped 4 comments
   💬 Fetching comments for: Outlier Refusing to Pay...
   + Scraped 11 comments
   💬 Fetching comments for: Removal of my Skill (glitch in the platf...
   + Scraped 6 comments
   💬 Fetching comments for: Glockenspiel Tent...
   + Scraped 1 comments
   💬 Fetching comments for: Valkayrie V2...
   + Scraped 3 comments
   💬 Fetching comments for: Aether Megathread...
   + Scraped 27 comments
   💬 Fetching comments for: Outlier.ai — Do coding projects actually...
   + Scraped 14 comments
   💬 Fetching comments for: Daily efficiency report record hit! 9 ho...
   + Scraped 19 comments
   💬 Fetching comments for: Does this mean I was kicked off?...
   + Scraped 25 comments
   💬 Fetching comments for: Projects...
   + Scraped 8 comments
   💬 Fetching comments for: Outlier AI Aether is back up!...
   + Scraped 15 comments
   💬 Fetching comments for: can't do anything with CC now?...
   + Scraped 1 comments
   💬 Fetching comments for: traveling...
   + Scraped 4 comments
   💬 Fetching comments for: HOLDING PAY...
   + Scraped 5 comments
   💬 Fetching comments for: How long is the avg time for furniture r...
   + Scraped 6 comments
   💬 Fetching comments for: 12 Am refresh again...
   + Scraped 9 comments
   💬 Fetching comments for: Onboarding Question...
   + Scraped 3 comments
   💬 Fetching comments for: Hubstaff...
   + Scraped 21 comments
   💬 Fetching comments for: Daily hour cap...
   + Scraped 13 comments
   💬 Fetching comments for: What do QMs do when there are no t4sks?...
   + Scraped 5 comments
   💬 Fetching comments for: Rewards/Mission Payment...
   + Scraped 1 comments
   💬 Fetching comments for: Old Outlier V1 option gone....
   + Scraped 6 comments
   💬 Fetching comments for: V2 Reviews...
   + Scraped 4 comments
   💬 Fetching comments for: Does Hubstaff works well with Lazy work?...
   + Scraped 18 comments
   💬 Fetching comments for: Xylophone Act Gulf Arabic “Intro Webinar...
   + Scraped 11 comments
   💬 Fetching comments for: Mechanic Glen - 1/12/26...
   + Scraped 16 comments
   💬 Fetching comments for: project question...
   + Scraped 4 comments
   💬 Fetching comments for: Help...
   + Scraped 9 comments
   💬 Fetching comments for: Gray "continue tasking button"...
   + Scraped 9 comments
   💬 Fetching comments for: What is up w/ Space Cows?...
   + Scraped 8 comments
   💬 Fetching comments for: Cacatua Chorus V2 and being penalized fo...
   + Scraped 13 comments
   💬 Fetching comments for: Aether from another country?...
   + Scraped 3 comments
   💬 Fetching comments for: text-to-image-h2h task...
   + Scraped 7 comments
   💬 Fetching comments for: Anubis osiris...
   + Scraped 6 comments
   💬 Fetching comments for: Any tips for video artistic style refere...
   + Scraped 6 comments
   💬 Fetching comments for: How long is video names entities meant t...
   + Scraped 12 comments
   💬 Fetching comments for: Didn't have a Tripod when I filled the s...
   + Scraped 6 comments
✅ Saved 100 new posts
💬 Saved 970 comments

📊 Progress: 100/1000 posts
   🖼️  Images: 0 | 🎬 Videos: 0
   💬 Comments: 970

⏸️ Cooling down (3s)...

📡 Fetching from: https://redlib.catsarch.com
   ⚠️ Error with https://redlib.catsarch.com: HTTPSConnectionPool(host='redlib.catsarch.com', port=443): Max retries exceeded with url: /r/outlier_ai/new.json?limit=100&raw_json=1&after=t3_1qatr57 (Caused by SSLError(SSLError(1, '[SSL: TLSV1_ALERT_PROTOCOL_VERSION] tlsv1 alert protocol version (_ssl.c:1129)')))

📡 Fetching from: https://old.reddit.com
   Found 100 posts in this batch
   💬 Fetching comments for: Suspended account users...
   + Scraped 12 comments
   💬 Fetching comments for: “To be unlocked…”...
   + Scraped 4 comments
   💬 Fetching comments for: No projects in the past two months and n...
   + Scraped 1 comments
   💬 Fetching comments for: JavaScript Screening...
   + Scraped 4 comments
   💬 Fetching comments for: Unusual number of reviews?...
   + Scraped 14 comments
   💬 Fetching comments for: Would it be better to leave the project ...
   + Scraped 13 comments
   💬 Fetching comments for: What time do aether hours reset tomorrow...
   + Scraped 12 comments
   💬 Fetching comments for: Old Dashboard?...
   + Scraped 5 comments
   💬 Fetching comments for: Bulletpoint Bullseye - Anyone done this ...
   + Scraped 3 comments
   💬 Fetching comments for: Outdoor Recordings for Cacatua Chorus V2...
   + Scraped 12 comments
   💬 Fetching comments for: Hubstaff reset times...
   + Scraped 10 comments
   💬 Fetching comments for: Same ip...
   + Scraped 3 comments
   💬 Fetching comments for: Is there a glitch...
   + Scraped 5 comments
   💬 Fetching comments for: Just became a reviewer for a project, wh...
   + Scraped 9 comments
   💬 Fetching comments for: Task Button Greyed...
   + Scraped 9 comments
   💬 Fetching comments for: Wiki Video entity - locations...
   + Scraped 7 comments
   💬 Fetching comments for: Xylophone Act Gulf Arabic Intro Webinar...
   + Scraped 20 comments
   💬 Fetching comments for: Selfie Only Re-Verification...
   + Scraped 7 comments
   💬 Fetching comments for: Practice tests for assessment!...
   + Scraped 1 comments
   💬 Fetching comments for: ope - video named entities review...
   + Scraped 4 comments
   💬 Fetching comments for: 1099 After a Suspension?...
   + Scraped 1 comments
   💬 Fetching comments for: Upwork and Cacatua Chorus V2 payments....
   + Scraped 7 comments
   💬 Fetching comments for: Productivity percentage...
   + Scraped 7 comments
   💬 Fetching comments for: Haven't received pay for last week, supp...
   + Scraped 8 comments
   💬 Fetching comments for: Just failed Cypher Eval V2 assessment...
   + Scraped 14 comments
   💬 Fetching comments for: English level requirement...
   + Scraped 1 comments
   💬 Fetching comments for: Project...
   + Scraped 10 comments
   💬 Fetching comments for: Why am I still being reviewed?...
   + Scraped 15 comments
   💬 Fetching comments for: Quiz...
   + Scraped 4 comments
   💬 Fetching comments for: Is there any Bangladeshi working here?...
   + Scraped 3 comments
   💬 Fetching comments for: Did they just deactivate my account?...
   + Scraped 8 comments
   💬 Fetching comments for: Cacatua v2 continue tasking greyed out?...
   + Scraped 5 comments
   💬 Fetching comments for: Voice account project stuck on dashboard...
   + Scraped 1 comments
   💬 Fetching comments for: hour restart...
   + Scraped 2 comments
   💬 Fetching comments for: So...the task was well done, no problems...
   + Scraped 12 comments
   💬 Fetching comments for: Oh yeah, really sorry about that guys!! ...
   + Scraped 62 comments
   💬 Fetching comments for: Cacatua Chorus V2...
   + Scraped 6 comments
   💬 Fetching comments for: How to contact support?...
   + Scraped 1 comments
   💬 Fetching comments for: Finance, Accounting & Tax skill not gett...
   + Scraped 2 comments
   💬 Fetching comments for: Account deactivated for "reading from un...
   + Scraped 25 comments
   💬 Fetching comments for: Onboarding (Writing Rubrics) disappeared...
   + Scraped 2 comments
   💬 Fetching comments for: Just smashed 6 hours of furniture remova...
   + Scraped 32 comments
   💬 Fetching comments for: No assessments...
   + Scraped 1 comments
   💬 Fetching comments for: Text to image not loading...
   + Scraped 6 comments
   💬 Fetching comments for: Have you ever tried removing a task from...
   + Scraped 5 comments
   💬 Fetching comments for: Cacatua Chorus V2 Issue...
   + Scraped 4 comments
   💬 Fetching comments for: Do I need Generalist for Cacatua Chorus ...
   + Scraped 1 comments
   💬 Fetching comments for: Under review...
   + Scraped 7 comments
   💬 Fetching comments for: They’re actually just taunting us at thi...
   + Scraped 35 comments
   💬 Fetching comments for: Email invitation from Outlier for workin...
   + Scraped 21 comments
   💬 Fetching comments for: QA score went from 2.05 to 1.98 now I sw...
   + Scraped 18 comments
   💬 Fetching comments for: Project Atlas...
   + Scraped 23 comments
   💬 Fetching comments for: What time did the aether timer reset tod...
   + Scraped 19 comments
   💬 Fetching comments for: You failed this module...
   + Scraped 3 comments
   💬 Fetching comments for: Anyone else get kicked off Aether due to...
   + Scraped 49 comments
   💬 Fetching comments for: First two audits: 5 and 2. Oracle status...
   + Scraped 6 comments
   💬 Fetching comments for: Website change...
   + Scraped 8 comments
   💬 Fetching comments for: Unapproved annotator aether...
   + Scraped 15 comments
   💬 Fetching comments for: Cacatua Confusion...
   + Scraped 1 comments
   💬 Fetching comments for: i am new...
   + Scraped 3 comments
   💬 Fetching comments for: Is Cacatua Chorus worth it?...
   + Scraped 11 comments
   💬 Fetching comments for: When did Hubstaff close and open today?...
   + Scraped 13 comments
   💬 Fetching comments for: Video Named Entities...
   + Scraped 9 comments
   💬 Fetching comments for: Getting messages for Cacatua Chorus even...
   + Scraped 3 comments
   💬 Fetching comments for: Paused Project and do not know how to un...
   + Scraped 5 comments
   💬 Fetching comments for: Does any1 know roughly how long Cacatua ...
   + Scraped 5 comments
   💬 Fetching comments for: Xylophone Act Gulf Arabic...
   + Scraped 18 comments
   💬 Fetching comments for: CUSTOMER SUPPORT...
   + Scraped 11 comments
   💬 Fetching comments for: Mechanic glen...
   + Scraped 18 comments
   💬 Fetching comments for: Outlier Atlas project Accept / Start but...
   + Scraped 15 comments
   💬 Fetching comments for: Hubstaff appears to be working right now...
   + Scraped 4 comments
   💬 Fetching comments for: assesments...
   + Scraped 2 comments
   💬 Fetching comments for: Failed Assessment...
   + Scraped 13 comments
   💬 Fetching comments for: Quick poll: what's your average review r...
   + Scraped 1 comments
   💬 Fetching comments for: Webinar invite for a ghost project...
   + Scraped 19 comments
   💬 Fetching comments for: 1099s...
   + Scraped 2 comments
   💬 Fetching comments for: Update: Outlier is Stealing $310 from me...
   + Scraped 27 comments
   💬 Fetching comments for: hubstaff...
   + Scraped 4 comments
   💬 Fetching comments for: New to outlier....
   + Scraped 1 comments
   💬 Fetching comments for: Every Skill Except Audio prompts EN-US w...
   + Scraped 5 comments
   💬 Fetching comments for: How many other projects exist ?...
   + Scraped 12 comments
   💬 Fetching comments for: Failed python?...
   + Scraped 13 comments
   💬 Fetching comments for: Hubstaff time tracking for Tripod Photos...
   + Scraped 3 comments
   💬 Fetching comments for: Project/marketplace tabs gone...
   + Scraped 9 comments
   💬 Fetching comments for: Time...
   + Scraped 10 comments
   💬 Fetching comments for: Feedback& project disabled questions...
   + Scraped 5 comments
   💬 Fetching comments for: Invited to Valkyrie 2 after the great Pu...
   + Scraped 10 comments
   💬 Fetching comments for: Working in another EU country as an EU c...
   + Scraped 4 comments
   💬 Fetching comments for: Unapproved Annotator Status....
   + Scraped 8 comments
   💬 Fetching comments for: Rate Concern...
   + Scraped 27 comments
   💬 Fetching comments for: Cacatua Chorus vs Cacatua Chorus V2...
   + Scraped 2 comments
   💬 Fetching comments for: Project Phoenix...
   + Scraped 17 comments
   💬 Fetching comments for: How do I begin tasking?...
   + Scraped 2 comments
   💬 Fetching comments for: Problema de conexión al rendir prueba...
   + Scraped 5 comments
   💬 Fetching comments for: Aether training videos...
   + Scraped 87 comments
   💬 Fetching comments for: Phoenix status?...
   + Scraped 2 comments
   💬 Fetching comments for: Gonna just leave the Aether project...
   + Scraped 39 comments
   💬 Fetching comments for: Timer hasn't reset...
   + Scraped 62 comments
   💬 Fetching comments for: What aether tasks are you guys enjoying ...
   + Scraped 15 comments
   💬 Fetching comments for: Reaching the budget limit for a week...
   + Scraped 3 comments
✅ Saved 100 new posts
💬 Saved 1129 comments

📊 Progress: 200/1000 posts
   🖼️  Images: 0 | 🎬 Videos: 0
   💬 Comments: 2099

⏸️ Cooling down (3s)...

📡 Fetching from: https://libreddit.northboot.xyz
   ⚠️ Error with https://libreddit.northboot.xyz: HTTPSConnectionPool(host='libreddit.northboot.xyz', port=443): Max retries exceeded with url: /r/outlier_ai/new.json?limit=100&raw_json=1&after=t3_1q86spo (Caused by ConnectTimeoutError(<HTTPSConnection(host='libreddit.northboot.xyz', port=443) at 0x10b85f790>, 'Connection to libreddit.northboot.xyz timed out. (connect timeout=15)'))

📡 Fetching from: https://old.reddit.com
   Found 100 posts in this batch
   💬 Fetching comments for: Payment...
   + Scraped 11 comments
   💬 Fetching comments for: Washer palms?...
   + Scraped 5 comments
   💬 Fetching comments for: About the project queue...
   + Scraped 6 comments
   💬 Fetching comments for: Please Use The Community Hub...
   + Scraped 9 comments
   💬 Fetching comments for: "Payment setup required" but hired throu...
   + Scraped 7 comments
   💬 Fetching comments for: Dealing with the disastrous “unclaimed” ...
   💬 Fetching comments for: How to switch to bio/chem specialist wit...
   💬 Fetching comments for: Onboarding Issue in Cacatua Chorus...
   💬 Fetching comments for: Back on Aether...
   💬 Fetching comments for: Is Cacatua EQ for everyone right now? (T...
   💬 Fetching comments for: Cacatua reviews are too subjective...
   💬 Fetching comments for: Reactivated on Aether but still can't ta...
   💬 Fetching comments for: Two projects: Can I leave one? (And come...
   💬 Fetching comments for: LOL. New outlier email....
   💬 Fetching comments for: "You're not able to choose this project ...
   💬 Fetching comments for: Most people don’t lose AI projects becau...
   💬 Fetching comments for: why do they post batches of tasks when w...
   💬 Fetching comments for: Why do people gatekeep?...
   💬 Fetching comments for: Cacatua...
   💬 Fetching comments for: Still not paid...
   💬 Fetching comments for: Should I go back to Aether?...
   💬 Fetching comments for: Outlier Can Help for a While but You Are...
   💬 Fetching comments for: TAXES OUTLIER...
   💬 Fetching comments for: What time did the timer reset today?...
   💬 Fetching comments for: Travel request...
   💬 Fetching comments for: Failed Cacatua V2 onboarding...
   💬 Fetching comments for: How many tasks have you been able to do ...
   💬 Fetching comments for: Project match...
   💬 Fetching comments for: Aether project...
   💬 Fetching comments for: Spidey bonuses?...
   💬 Fetching comments for: Should I just remove Aether or is there ...
   💬 Fetching comments for: Mechanic Glen...
   💬 Fetching comments for: To the Cacatua Chorus Reviewers...
   💬 Fetching comments for: Phoenix...
   💬 Fetching comments for: Missing good old days...
