/Users/joyceguo/Projects/Reddit_Scrapper/.venv/lib/python3.9/site-packages/urllib3/__init__.py:35: NotOpenSSLWarning: urllib3 v2 only supports OpenSSL 1.1.1+, currently the 'ssl' module is compiled with 'LibreSSL 2.8.3'. See: https://github.com/urllib3/urllib3/issues/3020
  warnings.warn(
==================================================
🤖 UNIVERSAL REDDIT SCRAPER SUITE
==================================================
🚀 Starting FULL HISTORY scrape for r/mercor_ai
   📊 Target posts: 5000
   🖼️  Download media: False
   💬 Scrape comments: True
   🔌 Plugins enabled: False
--------------------------------------------------
✅ Database initialized
📋 Job started: 9da20654

📡 Fetching from: https://old.reddit.com
   Found 100 posts in this batch
   💬 Fetching comments for: Only Two Pages of Opportunities?...
   + Scraped 13 comments
   💬 Fetching comments for: ALL MY REFERRALS GETTING REJECTED...
   + Scraped 2 comments
   💬 Fetching comments for: Not accepting applications?...
   + Scraped 1 comments
   💬 Fetching comments for: Client requirements changed?...
   + Scraped 2 comments
   💬 Fetching comments for: Hours Per Week...
   + Scraped 2 comments
   💬 Fetching comments for: OKTA The stupidest thing in history Volu...
   + Scraped 7 comments
   💬 Fetching comments for: Start Here...
   + Scraped 3 comments
   💬 Fetching comments for: Discord group for the project that ended...
   + Scraped 1 comments
   💬 Fetching comments for: What is this?...
   + Scraped 8 comments
   💬 Fetching comments for: 3rd Project in 4 Months - Express Offer...
   + Scraped 2 comments
   💬 Fetching comments for: Got a $150/hr offer. CIIAA seems way too...
   + Scraped 10 comments
   💬 Fetching comments for: The Mercor Paradox: Invited for "Signifi...
   + Scraped 12 comments
   💬 Fetching comments for: Mercor Apply Final Boss ! 69 Application...
   + Scraped 30 comments
   💬 Fetching comments for: $45 incentive? Anybody else see this on ...
   + Scraped 9 comments
   💬 Fetching comments for: Got a Random job offer – software engine...
   + Scraped 11 comments
   💬 Fetching comments for: Hi everyone,
I’ve started to feel that t...
   + Scraped 48 comments
   💬 Fetching comments for: Mercor Bilingual expert(english and hind...
   + Scraped 5 comments
   💬 Fetching comments for: Soccer expert job...
   + Scraped 9 comments
   💬 Fetching comments for: I want a job...
   + Scraped 8 comments
   💬 Fetching comments for: Anyone else get this email or similar re...
   + Scraped 12 comments
   💬 Fetching comments for: Off-Boarding email cites wrong stats...
   + Scraped 6 comments
   💬 Fetching comments for: Tax Filing as F1 OPT...
   + Scraped 3 comments
   💬 Fetching comments for: STEM OPT Application: What document do w...
   + Scraped 1 comments
   💬 Fetching comments for: Can hiring managers see if the projects ...
   + Scraped 4 comments
   💬 Fetching comments for: A few questions about the Rubric Academy...
   + Scraped 13 comments
   💬 Fetching comments for: Issues completing assessments on laptop...
   + Scraped 2 comments
   💬 Fetching comments for: Red teaming project...
   + Scraped 12 comments
   💬 Fetching comments for: Got work trial for cricket expert but ha...
   + Scraped 3 comments
   💬 Fetching comments for: Is this positive news or the new rejecti...
   + Scraped 3 comments
   💬 Fetching comments for: Is this positive news or the new rejecti...
   + Scraped 6 comments
   💬 Fetching comments for: Is this positive news or the new rejecti...
   + Scraped 2 comments
   💬 Fetching comments for: Short Video Captioning Expert...
   + Scraped 10 comments
   💬 Fetching comments for: Background check after offer...
   + Scraped 7 comments
   💬 Fetching comments for: Registered nurse...
   + Scraped 3 comments
   💬 Fetching comments for: Generalist EN...
   + Scraped 11 comments
   💬 Fetching comments for: Receiving Mercor Payments in USD (Wise o...
   + Scraped 3 comments
   💬 Fetching comments for: I am planning to jump on mercor for some...
   + Scraped 1 comments
   💬 Fetching comments for: What does it mean? Soft rejection?...
   + Scraped 3 comments
   💬 Fetching comments for: The same task for multiple platforms...
   + Scraped 3 comments
   💬 Fetching comments for: Short Video Captioning Expert...
   + Scraped 16 comments
   💬 Fetching comments for: Interview process and response...
   + Scraped 2 comments
   💬 Fetching comments for: Is the Rubric Academy worth completing?...
   + Scraped 7 comments
   💬 Fetching comments for: Replaced "New" with "Priority"...
   + Scraped 2 comments
   💬 Fetching comments for: "Most recent" is gone as a sorting optio...
   + Scraped 15 comments
   💬 Fetching comments for: Red-Teamer...
   + Scraped 11 comments
   💬 Fetching comments for: What does top applicant mean...
   + Scraped 11 comments
   💬 Fetching comments for: Is this becoming a new rejection now or ...
   + Scraped 18 comments
   💬 Fetching comments for: My first mercor gig in months... and the...
   + Scraped 15 comments
   💬 Fetching comments for: interview retake...
   + Scraped 3 comments
   💬 Fetching comments for: Is Mercor using different models for the...
   + Scraped 6 comments
   💬 Fetching comments for: Non compete...
   + Scraped 3 comments
   💬 Fetching comments for: Offer...
   + Scraped 45 comments
   💬 Fetching comments for: How long does it take for you guys to he...
   + Scraped 2 comments
   💬 Fetching comments for: Webcam quality for AI interview and iden...
   + Scraped 6 comments
   💬 Fetching comments for: How likely will i be contracted as a Nat...
   + Scraped 6 comments
   💬 Fetching comments for: Project Invite by Mercor...
   + Scraped 11 comments
   💬 Fetching comments for: Not rejected?...
   + Scraped 16 comments
   💬 Fetching comments for: I need help...
   + Scraped 23 comments
   💬 Fetching comments for: Rubric Academy...
   + Scraped 8 comments
   💬 Fetching comments for: How long does it take Mercor to review a...
   + Scraped 11 comments
   💬 Fetching comments for: Bilingual Generalist?...
   + Scraped 1 comments
   💬 Fetching comments for: I hate Mercor's UI...
   + Scraped 8 comments
   💬 Fetching comments for: What does this badge mean?...
   + Scraped 14 comments
   💬 Fetching comments for: Prompt and Rubric Academy Fellowship Pro...
   + Scraped 9 comments
   💬 Fetching comments for: Has anyone worked two roles simultaneous...
   + Scraped 8 comments
   💬 Fetching comments for: Anyone on medical projects?...
   + Scraped 10 comments
   💬 Fetching comments for: anyone on project with generalist?...
   + Scraped 34 comments
   💬 Fetching comments for: stripe issue...
   + Scraped 1 comments
   💬 Fetching comments for: Can I work with a Full Time Job?...
   + Scraped 4 comments
   💬 Fetching comments for: Cricket Expert - urgent hire - not refer...
   + Scraped 5 comments
   💬 Fetching comments for: Work Trial Completed 2 Months Ago - Merc...
   + Scraped 8 comments
   💬 Fetching comments for: Prompt and Rubric Academies...
   + Scraped 4 comments
   💬 Fetching comments for: Failing assessments once hired...
   + Scraped 2 comments
   💬 Fetching comments for: Mercor hiring process seems broken...
   + Scraped 15 comments
   💬 Fetching comments for: I hate the word “Unfortunately”...
   + Scraped 8 comments
   💬 Fetching comments for: Exhausting assessments...
   + Scraped 49 comments
   💬 Fetching comments for: Mercor Alternative...
   + Scraped 31 comments
   💬 Fetching comments for: Repeated rejections after applying to mu...
   + Scraped 4 comments
   💬 Fetching comments for: Email and interview...
   + Scraped 2 comments
   💬 Fetching comments for: Experience working with mercor...
   + Scraped 2 comments
   💬 Fetching comments for: Unfinished Apps hurt chances for hiring?...
   + Scraped 4 comments
   💬 Fetching comments for: Is this Mercor's new rejection email...
   + Scraped 18 comments
   💬 Fetching comments for: Will Taking a Lower-Paid Role Hurt Futur...
   + Scraped 2 comments
   💬 Fetching comments for: Is Mercor hiring from India?...
   + Scraped 10 comments
   💬 Fetching comments for: Criminal Investigator & Detective Mercor...
   + Scraped 7 comments
   💬 Fetching comments for: Application Response Time?...
   + Scraped 5 comments
   💬 Fetching comments for: Does being shortlisted for a project mea...
   + Scraped 4 comments
   💬 Fetching comments for: Finance expert role...
   + Scraped 3 comments
   💬 Fetching comments for: Reusing Domain expert interview...
   + Scraped 2 comments
   💬 Fetching comments for: Endorsements...
   + Scraped 5 comments
   💬 Fetching comments for: End of project...
   + Scraped 39 comments
   💬 Fetching comments for: Never been more excited about a listing ...
   + Scraped 6 comments
   💬 Fetching comments for: Badge ?...
   + Scraped 15 comments
   💬 Fetching comments for: Mercor AI Application...
   + Scraped 4 comments
   💬 Fetching comments for: I got the “badge” for the project that e...
   + Scraped 13 comments
   💬 Fetching comments for: Ex-Academic - Advice on How to Secure Co...
   + Scraped 8 comments
   💬 Fetching comments for: Why this rubric fellow tag suddenly appe...
   + Scraped 48 comments
   💬 Fetching comments for: Finance People - How Are You Liking It?...
   + Scraped 2 comments
   💬 Fetching comments for: US-UK-CANADA  jobs...
   + Scraped 5 comments
✅ Saved 100 new posts
💬 Saved 947 comments

📊 Progress: 100/5000 posts
   🖼️  Images: 0 | 🎬 Videos: 0
   💬 Comments: 947

⏸️ Cooling down (3s)...

📡 Fetching from: https://redlib.tux.pizza
   ⚠️ Error with https://redlib.tux.pizza: HTTPSConnectionPool(host='redlib.tux.pizza', port=443): Max retries exceeded with url: /r/mercor_ai/new.json?limit=100&raw_json=1&after=t3_1q6ztbo (Caused by ConnectTimeoutError(<HTTPSConnection(host='redlib.tux.pizza', port=443) at 0x10b123a30>, 'Connection to redlib.tux.pizza timed out. (connect timeout=15)'))

📡 Fetching from: https://r.nf

📡 Fetching from: https://redlib.vsls.cz
   ⚠️ Error with https://redlib.vsls.cz: HTTPSConnectionPool(host='redlib.vsls.cz', port=443): Max retries exceeded with url: /r/mercor_ai/new.json?limit=100&raw_json=1&after=t3_1q6ztbo (Caused by NameResolutionError("HTTPSConnection(host='redlib.vsls.cz', port=443): Failed to resolve 'redlib.vsls.cz' ([Errno 8] nodename nor servname provided, or not known)"))

📡 Fetching from: https://redlib.catsarch.com
   ⚠️ Error with https://redlib.catsarch.com: HTTPSConnectionPool(host='redlib.catsarch.com', port=443): Max retries exceeded with url: /r/mercor_ai/new.json?limit=100&raw_json=1&after=t3_1q6ztbo (Caused by SSLError(SSLError(1, '[SSL: TLSV1_ALERT_PROTOCOL_VERSION] tlsv1 alert protocol version (_ssl.c:1129)')))

📡 Fetching from: https://libreddit.northboot.xyz
   ⚠️ Error with https://libreddit.northboot.xyz: HTTPSConnectionPool(host='libreddit.northboot.xyz', port=443): Max retries exceeded with url: /r/mercor_ai/new.json?limit=100&raw_json=1&after=t3_1q6ztbo (Caused by ConnectTimeoutError(<HTTPSConnection(host='libreddit.northboot.xyz', port=443) at 0x10b21b580>, 'Connection to libreddit.northboot.xyz timed out. (connect timeout=15)'))

📡 Fetching from: https://old.reddit.com
   Found 100 posts in this batch
   💬 Fetching comments for: Adding mercor as job experience on Linke...
   💬 Fetching comments for: How long did it take you to get staffed?...
   💬 Fetching comments for: Did Mercor unlist a lot of their project...
   💬 Fetching comments for: Work Trial - Do I have to do it in one s...
   💬 Fetching comments for: What is next hiring step for senior ml e...
   💬 Fetching comments for: Does Mercor hire Indians for remote gigs...
   💬 Fetching comments for: Rubrics Assessment...
   💬 Fetching comments for: Where do I stand?...
   💬 Fetching comments for: Video Interview Submitted Before I Was R...
   💬 Fetching comments for: Linkedin account...
   💬 Fetching comments for: Need Honest Feedback on a Mercor AI Inte...
   💬 Fetching comments for: I finally got a new kind of rejection...
   💬 Fetching comments for: I finally got a new kind of rejection le...
   💬 Fetching comments for: Mass rejections anyone?...
   💬 Fetching comments for: Great Company...
   💬 Fetching comments for: Interesting... particularly as I don't s...
   💬 Fetching comments for: Does everyone get rejected the same way?...
   💬 Fetching comments for: Good Company...
   💬 Fetching comments for: Can someone help me understand what to e...
   💬 Fetching comments for: Once I pass the Mercor Generalist assess...
   💬 Fetching comments for: 1099s...
   💬 Fetching comments for: Anyone Have A Link To The Recent Discord...
   💬 Fetching comments for: AI Interviews and Accents...
   💬 Fetching comments for: Generalis Role...
   💬 Fetching comments for: Would it be cynical to say......
   💬 Fetching comments for: Mercor AI...
   💬 Fetching comments for: Rejected due to project constraints...
   💬 Fetching comments for: Is this the badge?...
   💬 Fetching comments for: Generalist Role...
   💬 Fetching comments for: Application...
   💬 Fetching comments for: Finance Expert...
   💬 Fetching comments for: Any projects hiring that’s not listed?...
   💬 Fetching comments for: Just got a contract...
   💬 Fetching comments for: Did someone receive a badge ?...
   💬 Fetching comments for: My experience as a contractor with Merco...
   💬 Fetching comments for: What to delete/uninstall...
   💬 Fetching comments for: New Swe Listing...
   + Scraped 1 comments
   💬 Fetching comments for: How long does it take to respond to appl...
   + Scraped 8 comments
   💬 Fetching comments for: OCR assessment...
   + Scraped 1 comments
   💬 Fetching comments for: Is Mercor still hiring new AI trainers i...
   + Scraped 7 comments
   💬 Fetching comments for: Getting hired - increasing my odds?...
   + Scraped 19 comments
   💬 Fetching comments for: Mercor - Ai Tasks...
   + Scraped 9 comments
   💬 Fetching comments for: Looking for wfh jobs...
   + Scraped 5 comments
   💬 Fetching comments for: UK based MD. Is Mercor still hiring medi...
   + Scraped 7 comments
   💬 Fetching comments for: Is the space project really ending today...
   + Scraped 21 comments
   💬 Fetching comments for: Non-US, Canada, UK applicants...
   + Scraped 12 comments
   💬 Fetching comments for: Bilingual expert english and french...
   + Scraped 2 comments
   💬 Fetching comments for: What are the chances that I might get hi...
   + Scraped 7 comments
   💬 Fetching comments for: Can I write my mercor experience in my c...
   + Scraped 9 comments
   💬 Fetching comments for: Happy New Year! Wishing you all a succes...
   + Scraped 1 comments
   💬 Fetching comments for: New to mercor...
   + Scraped 5 comments
   💬 Fetching comments for: AI Training Projects...
   + Scraped 74 comments
   💬 Fetching comments for: referrals under review for more than 3 w...
   + Scraped 7 comments
   💬 Fetching comments for: Finance expert...
   + Scraped 11 comments
   💬 Fetching comments for: Happy New Year! Here’s hoping for many n...
   + Scraped 9 comments
   💬 Fetching comments for: Happy New Year...
   + Scraped 11 comments
   💬 Fetching comments for: OCR - Oh, look, let's all do a THIRD unp...
   + Scraped 22 comments
   💬 Fetching comments for: Internal Mercor Roles...
   + Scraped 3 comments
   💬 Fetching comments for: Getting in...
   + Scraped 12 comments
   💬 Fetching comments for: Work Trial is ignored...
   + Scraped 3 comments
   💬 Fetching comments for: Pay Delay?...
   + Scraped 25 comments
   💬 Fetching comments for: Video interview, did i flub it...
   + Scraped 14 comments
   💬 Fetching comments for: Offer in review...
   + Scraped 6 comments
   💬 Fetching comments for: Prompt Academy - Review Process...
   + Scraped 15 comments
   💬 Fetching comments for: Is it possible to pass the review withou...
   + Scraped 3 comments
   💬 Fetching comments for: Is there a higher chance of getting sele...
   + Scraped 7 comments
   💬 Fetching comments for: Honestly Not a Bad Year, Made More Doing...
   + Scraped 49 comments
   💬 Fetching comments for: Work Trial Assessment...
   + Scraped 4 comments
   💬 Fetching comments for: Can you get hired through Mercor Jobs if...
   + Scraped 5 comments
   💬 Fetching comments for: Referral-only Mercor roles (eSWE & Gener...
   + Scraped 32 comments
   💬 Fetching comments for: Anyone working from South America (mainl...
   + Scraped 7 comments
   💬 Fetching comments for: legal job referral question...
   💬 Fetching comments for: How the Mercor hiring process works....
   + Scraped 4 comments
   💬 Fetching comments for: Invite to Mercor Fellowship...
   + Scraped 4 comments
   💬 Fetching comments for: Mercor email...
   + Scraped 12 comments
   💬 Fetching comments for: How long from "Good AI Interview" to Off...
   + Scraped 1 comments
   💬 Fetching comments for: Looking for experts to join my project ✨...
   + Scraped 10 comments
   💬 Fetching comments for: System Design Session...
   + Scraped 2 comments
   💬 Fetching comments for: Will the badge actually make a differenc...
   + Scraped 16 comments
   💬 Fetching comments for: Feeling defeated and frustrated with Mer...
   + Scraped 28 comments
   💬 Fetching comments for: Another project coming soon?...
   + Scraped 38 comments
   💬 Fetching comments for: There are Anonymous People around the wo...
   + Scraped 16 comments
   💬 Fetching comments for: Nurse contract...
   + Scraped 9 comments
   💬 Fetching comments for: Does it really take 4 weeks?...
   + Scraped 10 comments
   💬 Fetching comments for: MORE JOBS?!...
   + Scraped 13 comments
   💬 Fetching comments for: I joined the 16 an hour project...
   + Scraped 47 comments
   💬 Fetching comments for: Question regarding OKTA and multiple emp...
   + Scraped 3 comments
   💬 Fetching comments for: Are there any roles for this December to...
   + Scraped 2 comments
   💬 Fetching comments for: Role advice...
   + Scraped 1 comments
   💬 Fetching comments for: Mercor's Quality Control Academy Fellows...
   + Scraped 14 comments
   💬 Fetching comments for: How serious are the time commitments?...
   + Scraped 54 comments
   💬 Fetching comments for: Offer in review!...
   + Scraped 14 comments
   💬 Fetching comments for: Content Creator Role...
   + Scraped 3 comments
   💬 Fetching comments for: Less upportunities...
   + Scraped 9 comments
   💬 Fetching comments for: Using a foreign passport for verificatio...
   + Scraped 8 comments
   💬 Fetching comments for: Bilingual tasks...
   + Scraped 4 comments
✅ Saved 100 new posts
💬 Saved 755 comments

📊 Progress: 200/5000 posts
   🖼️  Images: 0 | 🎬 Videos: 0
   💬 Comments: 1702

⏸️ Cooling down (3s)...

📡 Fetching from: https://redlib.tux.pizza
   ⚠️ Error with https://redlib.tux.pizza: HTTPSConnectionPool(host='redlib.tux.pizza', port=443): Max retries exceeded with url: /r/mercor_ai/new.json?limit=100&raw_json=1&after=t3_1pvwism (Caused by ConnectTimeoutError(<HTTPSConnection(host='redlib.tux.pizza', port=443) at 0x10afe5940>, 'Connection to redlib.tux.pizza timed out. (connect timeout=15)'))

📡 Fetching from: https://old.reddit.com
   Found 100 posts in this batch
   💬 Fetching comments for: Application under review...
   + Scraped 4 comments
   💬 Fetching comments for: Research Insight: Gendered Signals in AI...
   + Scraped 2 comments
   💬 Fetching comments for: Hiring process...
   + Scraped 25 comments
   💬 Fetching comments for: Pay - delay ?...
   + Scraped 12 comments
   💬 Fetching comments for: Cannot submit application due to invalid...
   + Scraped 8 comments
   💬 Fetching comments for: Reapplying for roles...
   + Scraped 12 comments
   💬 Fetching comments for: Milestone post. 2 months on Mercor...
   + Scraped 48 comments
   💬 Fetching comments for: Just heard back for this! Is this what r...
   + Scraped 23 comments
   💬 Fetching comments for: Got a contract...
   + Scraped 39 comments
   💬 Fetching comments for: Average Time for acceptance...
   + Scraped 9 comments
   💬 Fetching comments for: What does this notification mean?...
   + Scraped 5 comments
   💬 Fetching comments for: ✨2025✨ Check out the tab and badges in t...
   + Scraped 8 comments
   💬 Fetching comments for: Building the future of AI with real expe...
   + Scraped 2 comments
   💬 Fetching comments for: Quality Control Academy Fellowship...
   + Scraped 14 comments
   💬 Fetching comments for: finished onboarding a few days ago and p...
   + Scraped 9 comments
   💬 Fetching comments for: Had an incorrect/misleading question dur...
   + Scraped 9 comments
   💬 Fetching comments for: Check your applications...
   + Scraped 8 comments
   💬 Fetching comments for: Background check...
   + Scraped 3 comments
   💬 Fetching comments for: Mercor wrapped...
   + Scraped 3 comments
   💬 Fetching comments for: I have autism spectrum disorder. Tips fo...
   + Scraped 7 comments
   💬 Fetching comments for: If I did an assessment and failed, can I...
   + Scraped 3 comments
   💬 Fetching comments for: Mercor process...
   + Scraped 37 comments
   💬 Fetching comments for: Mercor Wrapped...
   + Scraped 26 comments
   💬 Fetching comments for: Work trial...
   + Scraped 1 comments
   💬 Fetching comments for: Anyone working in finance expert?...
   + Scraped 9 comments
   💬 Fetching comments for: Contract Offer...
   + Scraped 10 comments
   💬 Fetching comments for: Mercor payment setup for india...
   + Scraped 2 comments
   💬 Fetching comments for: Video captioning OCR...
   + Scraped 14 comments
   💬 Fetching comments for: Is Mercor not hiring outside US,UK, Aust...
   + Scraped 8 comments
   💬 Fetching comments for: Real and substantial work before you eve...
   + Scraped 25 comments
   💬 Fetching comments for: OCR Assessment 2...
   + Scraped 46 comments
   💬 Fetching comments for: Quality Control Fellow...
   + Scraped 11 comments
   💬 Fetching comments for: Money "pending" in Mercor...
   + Scraped 6 comments
   💬 Fetching comments for: An additional assessment on the "urgent"...
   + Scraped 7 comments
   💬 Fetching comments for: can i create multiple resume express my ...
   + Scraped 2 comments
   💬 Fetching comments for: If your are not American, stop wasting y...
   + Scraped 27 comments
   💬 Fetching comments for: Brand new to Mercor. Can a US resident a...
   + Scraped 10 comments
   💬 Fetching comments for: Merry Christmas to All at Mercor!...
   + Scraped 4 comments
   💬 Fetching comments for: I hardly see any Marketing jobs on Merco...
   + Scraped 3 comments
   💬 Fetching comments for: what does the ai interview look like...
   💬 Fetching comments for: Has anyone applied for the "Editors" job...
   💬 Fetching comments for: Curious About What This Means...
   💬 Fetching comments for: No luck getting contracts...
   💬 Fetching comments for: Why Mercor is unlisting opportunities...
   💬 Fetching comments for: Medical Expert project...
   💬 Fetching comments for: Finally got a reply to an Application I ...
   💬 Fetching comments for: Will accepting a lower pay contract acce...
   💬 Fetching comments for: Anyone here get hired for the Cricket Ex...
   💬 Fetching comments for: Impossible to task lately...
   💬 Fetching comments for: Bilingual expertise...
   💬 Fetching comments for: Accidentally left timer on...
   💬 Fetching comments for: Realistically, how long to hear back?...
   💬 Fetching comments for: How long did it take to hear back from t...
   💬 Fetching comments for: Referrals please...
   💬 Fetching comments for: Interview not working...
   💬 Fetching comments for: Finance Experts...
   💬 Fetching comments for: Getting my feelings out...
   💬 Fetching comments for: Advertisement for Mercor is Incorrect- A...
   💬 Fetching comments for: sales background...
   💬 Fetching comments for: Looks like the minimum wage project is a...
   💬 Fetching comments for: Feeling Stuck Despite My Efforts 😞...
   💬 Fetching comments for: Rubic academy paid??...
   💬 Fetching comments for: Rubrics academy...
   💬 Fetching comments for: Mercor-Remote, AI Contract Opportunities...
   💬 Fetching comments for: Are any of those working on the high-end...
   💬 Fetching comments for: I’m on two projects…...
   💬 Fetching comments for: Excellent Team, Real Impact...
   💬 Fetching comments for: Does the English Language Audio Model Tr...
   💬 Fetching comments for: Should I accept the offer before backgro...
   💬 Fetching comments for: Acceptance...
   💬 Fetching comments for: Rubric Academy Fellowship Timer disappea...
   💬 Fetching comments for: Anyone also received an E-mail invite to...
   💬 Fetching comments for: How long interview process and easiest t...
   💬 Fetching comments for: Was catching up on my Project Slack...
   💬 Fetching comments for: Not sure I am doing things right........
   💬 Fetching comments for: Top Applicant Highlighted on Jobs...
   💬 Fetching comments for: Got two of the same Rubric Academy contr...
   💬 Fetching comments for: Anyone working multiple Mercor gigs?...
   💬 Fetching comments for: This company is hell...
   💬 Fetching comments for: How long do you guys think this whole AI...
   💬 Fetching comments for: Project Lead Issue...
   💬 Fetching comments for: Phone and Tablets Use...
   💬 Fetching comments for: I was let go from my project. What can I...
   💬 Fetching comments for: Rubric Academy...
   💬 Fetching comments for: How long does one have to wait for first...
   💬 Fetching comments for: How do you get compensated for Trials?...
   💬 Fetching comments for: “Requirements have changed”...
   💬 Fetching comments for: How do you track your time for the Rubri...
   💬 Fetching comments for: UK DBS background check “record/match fo...
   💬 Fetching comments for: Complete your profile notification...
   💬 Fetching comments for: Resume...
   💬 Fetching comments for: Need help to start with mercor...
   💬 Fetching comments for: Link.com account?...
   💬 Fetching comments for: For the projects that have an hourly rat...
   💬 Fetching comments for: OCR Annotation Standards and Best Practi...
   💬 Fetching comments for: Does Mercor accept freelancers from East...
   💬 Fetching comments for: Can you apply to multiple jobs on Mercer...
✅ Saved 100 new posts
💬 Saved 501 comments

📊 Progress: 300/5000 posts
   🖼️  Images: 0 | 🎬 Videos: 0
   💬 Comments: 2203

⏸️ Cooling down (3s)...

📡 Fetching from: https://redlib.catsarch.com
   ⚠️ Error with https://redlib.catsarch.com: HTTPSConnectionPool(host='redlib.catsarch.com', port=443): Max retries exceeded with url: /r/mercor_ai/new.json?limit=100&raw_json=1&after=t3_1plac4u (Caused by SSLError(SSLError(1, '[SSL: TLSV1_ALERT_PROTOCOL_VERSION] tlsv1 alert protocol version (_ssl.c:1129)')))

📡 Fetching from: https://old.reddit.com

📡 Fetching from: https://redlib.tux.pizza
   ⚠️ Error with https://redlib.tux.pizza: HTTPSConnectionPool(host='redlib.tux.pizza', port=443): Max retries exceeded with url: /r/mercor_ai/new.json?limit=100&raw_json=1&after=t3_1plac4u (Caused by ConnectTimeoutError(<HTTPSConnection(host='redlib.tux.pizza', port=443) at 0x10b123e50>, 'Connection to redlib.tux.pizza timed out. (connect timeout=15)'))

📡 Fetching from: https://r.nf

📡 Fetching from: https://redlib.vsls.cz
   ⚠️ Error with https://redlib.vsls.cz: HTTPSConnectionPool(host='redlib.vsls.cz', port=443): Max retries exceeded with url: /r/mercor_ai/new.json?limit=100&raw_json=1&after=t3_1plac4u (Caused by NameResolutionError("HTTPSConnection(host='redlib.vsls.cz', port=443): Failed to resolve 'redlib.vsls.cz' ([Errno 8] nodename nor servname provided, or not known)"))

📡 Fetching from: https://libreddit.northboot.xyz
   ⚠️ Error with https://libreddit.northboot.xyz: HTTPSConnectionPool(host='libreddit.northboot.xyz', port=443): Max retries exceeded with url: /r/mercor_ai/new.json?limit=100&raw_json=1&after=t3_1plac4u (Caused by ConnectTimeoutError(<HTTPSConnection(host='libreddit.northboot.xyz', port=443) at 0x10b21bdc0>, 'Connection to libreddit.northboot.xyz timed out. (connect timeout=15)'))

❌ All sources failed. Waiting 30s...

📡 Fetching from: https://redlib.vsls.cz
   ⚠️ Error with https://redlib.vsls.cz: HTTPSConnectionPool(host='redlib.vsls.cz', port=443): Max retries exceeded with url: /r/mercor_ai/new.json?limit=100&raw_json=1&after=t3_1plac4u (Caused by NameResolutionError("HTTPSConnection(host='redlib.vsls.cz', port=443): Failed to resolve 'redlib.vsls.cz' ([Errno 8] nodename nor servname provided, or not known)"))

📡 Fetching from: https://redlib.catsarch.com
   ⚠️ Error with https://redlib.catsarch.com: HTTPSConnectionPool(host='redlib.catsarch.com', port=443): Max retries exceeded with url: /r/mercor_ai/new.json?limit=100&raw_json=1&after=t3_1plac4u (Caused by SSLError(SSLError(1, '[SSL: TLSV1_ALERT_PROTOCOL_VERSION] tlsv1 alert protocol version (_ssl.c:1129)')))

📡 Fetching from: https://redlib.tux.pizza
   ⚠️ Error with https://redlib.tux.pizza: HTTPSConnectionPool(host='redlib.tux.pizza', port=443): Max retries exceeded with url: /r/mercor_ai/new.json?limit=100&raw_json=1&after=t3_1plac4u (Caused by ConnectTimeoutError(<HTTPSConnection(host='redlib.tux.pizza', port=443) at 0x10b333ac0>, 'Connection to redlib.tux.pizza timed out. (connect timeout=15)'))

📡 Fetching from: https://old.reddit.com

📡 Fetching from: https://r.nf

📡 Fetching from: https://libreddit.northboot.xyz
   ⚠️ Error with https://libreddit.northboot.xyz: HTTPSConnectionPool(host='libreddit.northboot.xyz', port=443): Max retries exceeded with url: /r/mercor_ai/new.json?limit=100&raw_json=1&after=t3_1plac4u (Caused by ConnectTimeoutError(<HTTPSConnection(host='libreddit.northboot.xyz', port=443) at 0x10b333f70>, 'Connection to libreddit.northboot.xyz timed out. (connect timeout=15)'))

❌ All sources failed. Waiting 30s...

📡 Fetching from: https://redlib.tux.pizza
   ⚠️ Error with https://redlib.tux.pizza: HTTPSConnectionPool(host='redlib.tux.pizza', port=443): Max retries exceeded with url: /r/mercor_ai/new.json?limit=100&raw_json=1&after=t3_1plac4u (Caused by ConnectTimeoutError(<HTTPSConnection(host='redlib.tux.pizza', port=443) at 0x10b333dc0>, 'Connection to redlib.tux.pizza timed out. (connect timeout=15)'))

📡 Fetching from: https://libreddit.northboot.xyz
   ⚠️ Error with https://libreddit.northboot.xyz: HTTPSConnectionPool(host='libreddit.northboot.xyz', port=443): Max retries exceeded with url: /r/mercor_ai/new.json?limit=100&raw_json=1&after=t3_1plac4u (Caused by ConnectTimeoutError(<HTTPSConnection(host='libreddit.northboot.xyz', port=443) at 0x10b333b80>, 'Connection to libreddit.northboot.xyz timed out. (connect timeout=15)'))

📡 Fetching from: https://redlib.vsls.cz
   ⚠️ Error with https://redlib.vsls.cz: HTTPSConnectionPool(host='redlib.vsls.cz', port=443): Max retries exceeded with url: /r/mercor_ai/new.json?limit=100&raw_json=1&after=t3_1plac4u (Caused by NameResolutionError("HTTPSConnection(host='redlib.vsls.cz', port=443): Failed to resolve 'redlib.vsls.cz' ([Errno 8] nodename nor servname provided, or not known)"))

📡 Fetching from: https://r.nf

📡 Fetching from: https://redlib.catsarch.com
   ⚠️ Error with https://redlib.catsarch.com: HTTPSConnectionPool(host='redlib.catsarch.com', port=443): Max retries exceeded with url: /r/mercor_ai/new.json?limit=100&raw_json=1&after=t3_1plac4u (Caused by SSLError(SSLError(1, '[SSL: TLSV1_ALERT_PROTOCOL_VERSION] tlsv1 alert protocol version (_ssl.c:1129)')))

📡 Fetching from: https://old.reddit.com

❌ All sources failed. Waiting 30s...

📡 Fetching from: https://redlib.catsarch.com
   ⚠️ Error with https://redlib.catsarch.com: HTTPSConnectionPool(host='redlib.catsarch.com', port=443): Max retries exceeded with url: /r/mercor_ai/new.json?limit=100&raw_json=1&after=t3_1plac4u (Caused by SSLError(SSLError(1, '[SSL: TLSV1_ALERT_PROTOCOL_VERSION] tlsv1 alert protocol version (_ssl.c:1129)')))

📡 Fetching from: https://r.nf

📡 Fetching from: https://libreddit.northboot.xyz
   ⚠️ Error with https://libreddit.northboot.xyz: HTTPSConnectionPool(host='libreddit.northboot.xyz', port=443): Max retries exceeded with url: /r/mercor_ai/new.json?limit=100&raw_json=1&after=t3_1plac4u (Caused by ConnectTimeoutError(<HTTPSConnection(host='libreddit.northboot.xyz', port=443) at 0x10b21b2e0>, 'Connection to libreddit.northboot.xyz timed out. (connect timeout=15)'))

📡 Fetching from: https://redlib.tux.pizza
